{"pairs": 12, "pending": 12, "resumed": 0, "work_fingerprint": "6ec4d509914b21e8027e9e73cb0e7cfd97a83d1f2a513380334185c05c8e959a", "workers": 12}
concurrent.futures.process._RemoteTraceback: 
"""
Traceback (most recent call last):
  File "/home/abharadwaj/.conda/envs/penv/lib/python3.11/concurrent/futures/process.py", line 261, in _process_worker
    r = call_item.fn(*call_item.args, **call_item.kwargs)
        ^^^^^^^^^^^^^^^^^^^^^^^^^^^^^^^^^^^^^^^^^^^^^^^^^
  File "/home/abharadwaj/Projects/5g-simulation/scripts/run_mpc_candidate_parallel.py", line 95, in _evaluate_pair
    mpc = mpc_simulator.run(mpc_simulator.make_summary_sink()).summary
          ^^^^^^^^^^^^^^^^^^^^^^^^^^^^^^^^^^^^^^^^^^^^^^^^^^^^
  File "/home/abharadwaj/Projects/5g-simulation/simulator/macro/engine.py", line 1358, in run
    step = self.advance()
           ^^^^^^^^^^^^^^
  File "/home/abharadwaj/Projects/5g-simulation/simulator/macro/engine.py", line 823, in advance
    self.replan()
  File "/home/abharadwaj/Projects/5g-simulation/simulator/macro/engine.py", line 762, in replan
    self._policy = self.controller.build_policy(
                   ^^^^^^^^^^^^^^^^^^^^^^^^^^^^^
  File "/home/abharadwaj/Projects/5g-simulation/simulator/macro/controllers.py", line 717, in build_policy
    return self._retain_previous(
           ^^^^^^^^^^^^^^^^^^^^^^
  File "/home/abharadwaj/Projects/5g-simulation/simulator/macro/controllers.py", line 986, in _retain_previous
    solver=SolverReport(self.name, "skipped", 0),
           ^^^^^^^^^^^^^^^^^^^^^^^^^^^^^^^^^^^^^
  File "<string>", line 6, in __init__
  File "/home/abharadwaj/Projects/5g-simulation/schemas/policy.py", line 19, in __post_init__
    raise ValueError(f"unsupported solver status: {self.status}")
ValueError: unsupported solver status: skipped
"""

The above exception was the direct cause of the following exception:

Traceback (most recent call last):
  File "/home/abharadwaj/Projects/5g-simulation/scripts/run_mpc_candidate_parallel.py", line 321, in <module>
    raise SystemExit(main())
                     ^^^^^^
  File "/home/abharadwaj/Projects/5g-simulation/scripts/run_mpc_candidate_parallel.py", line 294, in main
    row = future.result()
          ^^^^^^^^^^^^^^^
  File "/home/abharadwaj/.conda/envs/penv/lib/python3.11/concurrent/futures/_base.py", line 449, in result
    return self.__get_result()
           ^^^^^^^^^^^^^^^^^^^
  File "/home/abharadwaj/.conda/envs/penv/lib/python3.11/concurrent/futures/_base.py", line 401, in __get_result
    raise self._exception
ValueError: unsupported solver status: skipped
