nohup: ignoring input
[2026-08-05T17:02:46Z] phase=simulate status=started scenario=extreme-national-training-16w-s20260805 controller=static-capacity-v1 seed=20260805 steps=322560 simulated_days=112 destination=output/macro/schema_major=1/campaign=extreme-training-16w-s20260805/scenario=extreme-national-training-16w-s20260805/controller=static-capacity-v1/seed=20260805
[2026-08-05T17:04:51Z] phase=simulate status=running progress=0.45% step=1440/322560 simulated_day=0.50/112 elapsed=00:02:05 eta=07:44:54 peak_rss_gib=0.29
[2026-08-05T17:07:37Z] phase=simulate status=running progress=0.89% step=2880/322560 simulated_day=1.00/112 elapsed=00:04:51 eta=08:58:08 peak_rss_gib=0.35
[2026-08-05T17:09:44Z] phase=simulate status=running progress=1.34% step=4320/322560 simulated_day=1.50/112 elapsed=00:06:57 eta=08:32:25 peak_rss_gib=0.41
[2026-08-05T17:12:26Z] phase=simulate status=running progress=1.79% step=5760/322560 simulated_day=2.00/112 elapsed=00:09:40 eta=08:51:29 peak_rss_gib=0.46
[2026-08-05T17:14:28Z] phase=simulate status=running progress=2.23% step=7200/322560 simulated_day=2.50/112 elapsed=00:11:42 eta=08:32:30 peak_rss_gib=0.52
[2026-08-05T17:17:10Z] phase=simulate status=running progress=2.68% step=8640/322560 simulated_day=3.00/112 elapsed=00:14:24 eta=08:43:15 peak_rss_gib=0.58
[2026-08-05T17:19:13Z] phase=simulate status=running progress=3.12% step=10080/322560 simulated_day=3.50/112 elapsed=00:16:26 eta=08:29:41 peak_rss_gib=0.64
[2026-08-05T17:21:55Z] phase=simulate status=running progress=3.57% step=11520/322560 simulated_day=4.00/112 elapsed=00:19:09 eta=08:36:55 peak_rss_gib=0.70
[2026-08-05T17:23:57Z] phase=simulate status=running progress=4.02% step=12960/322560 simulated_day=4.50/112 elapsed=00:21:10 eta=08:25:44 peak_rss_gib=0.76
[2026-08-05T17:26:42Z] phase=simulate status=running progress=4.46% step=14400/322560 simulated_day=5.00/112 elapsed=00:23:56 eta=08:32:07 peak_rss_gib=0.82
[2026-08-05T17:28:39Z] phase=simulate status=running progress=4.91% step=15840/322560 simulated_day=5.50/112 elapsed=00:25:53 eta=08:21:04 peak_rss_gib=0.87
[2026-08-05T17:31:19Z] phase=simulate status=running progress=5.36% step=17280/322560 simulated_day=6.00/112 elapsed=00:28:32 eta=08:24:12 peak_rss_gib=0.93
[2026-08-05T17:33:17Z] phase=simulate status=running progress=5.80% step=18720/322560 simulated_day=6.50/112 elapsed=00:30:31 eta=08:15:11 peak_rss_gib=0.99
[2026-08-05T17:35:58Z] phase=simulate status=running progress=6.25% step=20160/322560 simulated_day=7.00/112 elapsed=00:33:12 eta=08:17:57 peak_rss_gib=1.05
[2026-08-05T17:38:08Z] phase=simulate status=running progress=6.70% step=21600/322560 simulated_day=7.50/112 elapsed=00:35:22 eta=08:12:42 peak_rss_gib=1.12
[2026-08-05T17:41:01Z] phase=simulate status=running progress=7.14% step=23040/322560 simulated_day=8.00/112 elapsed=00:38:14 eta=08:17:08 peak_rss_gib=1.17
[2026-08-05T17:43:07Z] phase=simulate status=running progress=7.59% step=24480/322560 simulated_day=8.50/112 elapsed=00:40:20 eta=08:11:11 peak_rss_gib=1.23
[2026-08-05T17:45:59Z] phase=simulate status=running progress=8.04% step=25920/322560 simulated_day=9.00/112 elapsed=00:43:12 eta=08:14:27 peak_rss_gib=1.29
[2026-08-05T17:48:04Z] phase=simulate status=running progress=8.48% step=27360/322560 simulated_day=9.50/112 elapsed=00:45:18 eta=08:08:45 peak_rss_gib=1.35
[2026-08-05T17:50:57Z] phase=simulate status=running progress=8.93% step=28800/322560 simulated_day=10.00/112 elapsed=00:48:11 eta=08:11:24 peak_rss_gib=1.41
[2026-08-05T17:53:01Z] phase=simulate status=running progress=9.38% step=30240/322560 simulated_day=10.50/112 elapsed=00:50:15 eta=08:05:46 peak_rss_gib=1.48
[2026-08-05T17:55:54Z] phase=simulate status=running progress=9.82% step=31680/322560 simulated_day=11.00/112 elapsed=00:53:07 eta=08:07:44 peak_rss_gib=1.53
[2026-08-05T17:58:02Z] phase=simulate status=running progress=10.27% step=33120/322560 simulated_day=11.50/112 elapsed=00:55:15 eta=08:02:53 peak_rss_gib=1.60
[2026-08-05T18:00:51Z] phase=simulate status=running progress=10.71% step=34560/322560 simulated_day=12.00/112 elapsed=00:58:05 eta=08:04:03 peak_rss_gib=1.66
[2026-08-05T18:02:55Z] phase=simulate status=running progress=11.16% step=36000/322560 simulated_day=12.50/112 elapsed=01:00:09 eta=07:58:48 peak_rss_gib=1.71
[2026-08-05T18:05:39Z] phase=simulate status=running progress=11.61% step=37440/322560 simulated_day=13.00/112 elapsed=01:02:52 eta=07:58:48 peak_rss_gib=1.77
[2026-08-05T18:07:39Z] phase=simulate status=running progress=12.05% step=38880/322560 simulated_day=13.50/112 elapsed=01:04:52 eta=07:53:20 peak_rss_gib=1.83
[2026-08-05T18:10:37Z] phase=simulate status=running progress=12.50% step=40320/322560 simulated_day=14.00/112 elapsed=01:07:51 eta=07:54:57 peak_rss_gib=1.90
[2026-08-05T18:12:44Z] phase=simulate status=running progress=12.95% step=41760/322560 simulated_day=14.50/112 elapsed=01:09:57 eta=07:50:24 peak_rss_gib=1.96
[2026-08-05T18:15:29Z] phase=simulate status=running progress=13.39% step=43200/322560 simulated_day=15.00/112 elapsed=01:12:42 eta=07:50:09 peak_rss_gib=2.02
[2026-08-05T18:17:33Z] phase=simulate status=running progress=13.84% step=44640/322560 simulated_day=15.50/112 elapsed=01:14:46 eta=07:45:32 peak_rss_gib=2.08
[2026-08-05T18:20:27Z] phase=simulate status=running progress=14.29% step=46080/322560 simulated_day=16.00/112 elapsed=01:17:41 eta=07:46:06 peak_rss_gib=2.14
[2026-08-05T18:22:38Z] phase=simulate status=running progress=14.73% step=47520/322560 simulated_day=16.50/112 elapsed=01:19:51 eta=07:42:12 peak_rss_gib=2.20
[2026-08-05T18:25:23Z] phase=simulate status=running progress=15.18% step=48960/322560 simulated_day=17.00/112 elapsed=01:22:37 eta=07:41:39 peak_rss_gib=2.26
[2026-08-05T18:27:27Z] phase=simulate status=running progress=15.62% step=50400/322560 simulated_day=17.50/112 elapsed=01:24:40 eta=07:37:14 peak_rss_gib=2.32
[2026-08-05T18:30:12Z] phase=simulate status=running progress=16.07% step=51840/322560 simulated_day=18.00/112 elapsed=01:27:26 eta=07:36:36 peak_rss_gib=2.38
[2026-08-05T18:32:20Z] phase=simulate status=running progress=16.52% step=53280/322560 simulated_day=18.50/112 elapsed=01:29:33 eta=07:32:37 peak_rss_gib=2.44
[2026-08-05T18:35:06Z] phase=simulate status=running progress=16.96% step=54720/322560 simulated_day=19.00/112 elapsed=01:32:20 eta=07:31:57 peak_rss_gib=2.50
[2026-08-05T18:37:05Z] phase=simulate status=running progress=17.41% step=56160/322560 simulated_day=19.50/112 elapsed=01:34:19 eta=07:27:23 peak_rss_gib=2.56
[2026-08-05T18:39:46Z] phase=simulate status=running progress=17.86% step=57600/322560 simulated_day=20.00/112 elapsed=01:37:00 eta=07:26:12 peak_rss_gib=2.62
[2026-08-05T18:41:45Z] phase=simulate status=running progress=18.30% step=59040/322560 simulated_day=20.50/112 elapsed=01:38:58 eta=07:21:45 peak_rss_gib=2.68
[2026-08-05T18:44:41Z] phase=simulate status=running progress=18.75% step=60480/322560 simulated_day=21.00/112 elapsed=01:41:55 eta=07:21:37 peak_rss_gib=2.74
[2026-08-05T18:46:49Z] phase=simulate status=running progress=19.20% step=61920/322560 simulated_day=21.50/112 elapsed=01:44:03 eta=07:17:58 peak_rss_gib=2.80
[2026-08-05T18:49:40Z] phase=simulate status=running progress=19.64% step=63360/322560 simulated_day=22.00/112 elapsed=01:46:53 eta=07:17:16 peak_rss_gib=2.86
[2026-08-05T18:51:45Z] phase=simulate status=running progress=20.09% step=64800/322560 simulated_day=22.50/112 elapsed=01:48:58 eta=07:13:28 peak_rss_gib=2.92
[2026-08-05T18:54:34Z] phase=simulate status=running progress=20.54% step=66240/322560 simulated_day=23.00/112 elapsed=01:51:47 eta=07:12:34 peak_rss_gib=2.98
[2026-08-05T18:56:39Z] phase=simulate status=running progress=20.98% step=67680/322560 simulated_day=23.50/112 elapsed=01:53:53 eta=07:08:51 peak_rss_gib=3.04
[2026-08-05T18:59:30Z] phase=simulate status=running progress=21.43% step=69120/322560 simulated_day=24.00/112 elapsed=01:56:44 eta=07:08:02 peak_rss_gib=3.10
[2026-08-05T19:01:54Z] phase=simulate status=running progress=21.88% step=70560/322560 simulated_day=24.50/112 elapsed=01:59:07 eta=07:05:26 peak_rss_gib=3.16
[2026-08-05T19:04:41Z] phase=simulate status=running progress=22.32% step=72000/322560 simulated_day=25.00/112 elapsed=02:01:55 eta=07:04:15 peak_rss_gib=3.22
[2026-08-05T19:06:51Z] phase=simulate status=running progress=22.77% step=73440/322560 simulated_day=25.50/112 elapsed=02:04:05 eta=07:00:55 peak_rss_gib=3.29
[2026-08-05T19:09:48Z] phase=simulate status=running progress=23.21% step=74880/322560 simulated_day=26.00/112 elapsed=02:07:01 eta=07:00:10 peak_rss_gib=3.35
[2026-08-05T19:11:48Z] phase=simulate status=running progress=23.66% step=76320/322560 simulated_day=26.50/112 elapsed=02:09:01 eta=06:56:17 peak_rss_gib=3.40
[2026-08-05T19:14:45Z] phase=simulate status=running progress=24.11% step=77760/322560 simulated_day=27.00/112 elapsed=02:11:58 eta=06:55:28 peak_rss_gib=3.46
[2026-08-05T19:16:49Z] phase=simulate status=running progress=24.55% step=79200/322560 simulated_day=27.50/112 elapsed=02:14:02 eta=06:51:52 peak_rss_gib=3.52
[2026-08-05T19:19:35Z] phase=simulate status=running progress=25.00% step=80640/322560 simulated_day=28.00/112 elapsed=02:16:48 eta=06:50:25 peak_rss_gib=3.58
[2026-08-05T19:21:40Z] phase=simulate status=running progress=25.45% step=82080/322560 simulated_day=28.50/112 elapsed=02:18:54 eta=06:46:57 peak_rss_gib=3.65
[2026-08-05T19:24:27Z] phase=simulate status=running progress=25.89% step=83520/322560 simulated_day=29.00/112 elapsed=02:21:41 eta=06:45:30 peak_rss_gib=3.71
[2026-08-05T19:26:35Z] phase=simulate status=running progress=26.34% step=84960/322560 simulated_day=29.50/112 elapsed=02:23:49 eta=06:42:11 peak_rss_gib=3.77
[2026-08-05T19:29:20Z] phase=simulate status=running progress=26.79% step=86400/322560 simulated_day=30.00/112 elapsed=02:26:34 eta=06:40:36 peak_rss_gib=3.83
[2026-08-05T19:31:26Z] phase=simulate status=running progress=27.23% step=87840/322560 simulated_day=30.50/112 elapsed=02:28:39 eta=06:37:14 peak_rss_gib=3.89
[2026-08-05T19:34:13Z] phase=simulate status=running progress=27.68% step=89280/322560 simulated_day=31.00/112 elapsed=02:31:27 eta=06:35:44 peak_rss_gib=3.95
[2026-08-05T19:36:17Z] phase=simulate status=running progress=28.12% step=90720/322560 simulated_day=31.50/112 elapsed=02:33:31 eta=06:32:19 peak_rss_gib=4.01
[2026-08-05T19:39:04Z] phase=simulate status=running progress=28.57% step=92160/322560 simulated_day=32.00/112 elapsed=02:36:18 eta=06:30:44 peak_rss_gib=4.07
[2026-08-05T19:41:17Z] phase=simulate status=running progress=29.02% step=93600/322560 simulated_day=32.50/112 elapsed=02:38:31 eta=06:27:44 peak_rss_gib=4.13
[2026-08-05T19:44:04Z] phase=simulate status=running progress=29.46% step=95040/322560 simulated_day=33.00/112 elapsed=02:41:18 eta=06:26:09 peak_rss_gib=4.19
[2026-08-05T19:46:02Z] phase=simulate status=running progress=29.91% step=96480/322560 simulated_day=33.50/112 elapsed=02:43:15 eta=06:22:33 peak_rss_gib=4.25
[2026-08-05T19:48:45Z] phase=simulate status=running progress=30.36% step=97920/322560 simulated_day=34.00/112 elapsed=02:45:59 eta=06:20:47 peak_rss_gib=4.31
[2026-08-05T19:50:46Z] phase=simulate status=running progress=30.80% step=99360/322560 simulated_day=34.50/112 elapsed=02:48:00 eta=06:17:22 peak_rss_gib=4.37
[2026-08-05T19:53:28Z] phase=simulate status=running progress=31.25% step=100800/322560 simulated_day=35.00/112 elapsed=02:50:42 eta=06:15:33 peak_rss_gib=4.43
[2026-08-05T19:55:34Z] phase=simulate status=running progress=31.70% step=102240/322560 simulated_day=35.50/112 elapsed=02:52:48 eta=06:12:22 peak_rss_gib=4.49
[2026-08-05T19:58:30Z] phase=simulate status=running progress=32.14% step=103680/322560 simulated_day=36.00/112 elapsed=02:55:44 eta=06:10:59 peak_rss_gib=4.55
[2026-08-05T20:00:42Z] phase=simulate status=running progress=32.59% step=105120/322560 simulated_day=36.50/112 elapsed=02:57:55 eta=06:08:02 peak_rss_gib=4.61
[2026-08-05T20:03:28Z] phase=simulate status=running progress=33.04% step=106560/322560 simulated_day=37.00/112 elapsed=03:00:41 eta=06:06:16 peak_rss_gib=4.67
[2026-08-05T20:05:41Z] phase=simulate status=running progress=33.48% step=108000/322560 simulated_day=37.50/112 elapsed=03:02:54 eta=06:03:22 peak_rss_gib=4.73
[2026-08-05T20:08:30Z] phase=simulate status=running progress=33.93% step=109440/322560 simulated_day=38.00/112 elapsed=03:05:44 eta=06:01:41 peak_rss_gib=4.79
[2026-08-05T20:10:36Z] phase=simulate status=running progress=34.38% step=110880/322560 simulated_day=38.50/112 elapsed=03:07:49 eta=05:58:34 peak_rss_gib=4.85
[2026-08-05T20:13:26Z] phase=simulate status=running progress=34.82% step=112320/322560 simulated_day=39.00/112 elapsed=03:10:39 eta=05:56:52 peak_rss_gib=4.91
[2026-08-05T20:15:30Z] phase=simulate status=running progress=35.27% step=113760/322560 simulated_day=39.50/112 elapsed=03:12:44 eta=05:53:45 peak_rss_gib=4.97
[2026-08-05T20:18:27Z] phase=simulate status=running progress=35.71% step=115200/322560 simulated_day=40.00/112 elapsed=03:15:41 eta=05:52:14 peak_rss_gib=5.03
[2026-08-05T20:20:27Z] phase=simulate status=running progress=36.16% step=116640/322560 simulated_day=40.50/112 elapsed=03:17:41 eta=05:48:59 peak_rss_gib=5.09
[2026-08-05T20:23:38Z] phase=simulate status=running progress=36.61% step=118080/322560 simulated_day=41.00/112 elapsed=03:20:52 eta=05:47:50 peak_rss_gib=5.15
[2026-08-05T20:25:37Z] phase=simulate status=running progress=37.05% step=119520/322560 simulated_day=41.50/112 elapsed=03:22:51 eta=05:44:35 peak_rss_gib=5.21
[2026-08-05T20:28:20Z] phase=simulate status=running progress=37.50% step=120960/322560 simulated_day=42.00/112 elapsed=03:25:34 eta=05:42:36 peak_rss_gib=5.27
[2026-08-05T20:30:24Z] phase=simulate status=running progress=37.95% step=122400/322560 simulated_day=42.50/112 elapsed=03:27:38 eta=05:39:33 peak_rss_gib=5.33
[2026-08-05T20:33:09Z] phase=simulate status=running progress=38.39% step=123840/322560 simulated_day=43.00/112 elapsed=03:30:22 eta=05:37:34 peak_rss_gib=5.39
[2026-08-05T20:35:11Z] phase=simulate status=running progress=38.84% step=125280/322560 simulated_day=43.50/112 elapsed=03:32:25 eta=05:34:29 peak_rss_gib=5.46
[2026-08-05T20:38:03Z] phase=simulate status=running progress=39.29% step=126720/322560 simulated_day=44.00/112 elapsed=03:35:17 eta=05:32:42 peak_rss_gib=5.52
[2026-08-05T20:40:04Z] phase=simulate status=running progress=39.73% step=128160/322560 simulated_day=44.50/112 elapsed=03:37:18 eta=05:29:37 peak_rss_gib=5.58
[2026-08-05T20:42:47Z] phase=simulate status=running progress=40.18% step=129600/322560 simulated_day=45.00/112 elapsed=03:40:01 eta=05:27:35 peak_rss_gib=5.64
[2026-08-05T20:44:49Z] phase=simulate status=running progress=40.62% step=131040/322560 simulated_day=45.50/112 elapsed=03:42:02 eta=05:24:31 peak_rss_gib=5.70
[2026-08-05T20:47:30Z] phase=simulate status=running progress=41.07% step=132480/322560 simulated_day=46.00/112 elapsed=03:44:44 eta=05:22:26 peak_rss_gib=5.76
[2026-08-05T20:49:33Z] phase=simulate status=running progress=41.52% step=133920/322560 simulated_day=46.50/112 elapsed=03:46:46 eta=05:19:26 peak_rss_gib=5.82
[2026-08-05T20:52:17Z] phase=simulate status=running progress=41.96% step=135360/322560 simulated_day=47.00/112 elapsed=03:49:31 eta=05:17:25 peak_rss_gib=5.88
[2026-08-05T20:54:20Z] phase=simulate status=running progress=42.41% step=136800/322560 simulated_day=47.50/112 elapsed=03:51:34 eta=05:14:27 peak_rss_gib=5.93
[2026-08-05T20:56:57Z] phase=simulate status=running progress=42.86% step=138240/322560 simulated_day=48.00/112 elapsed=03:54:11 eta=05:12:15 peak_rss_gib=5.99
[2026-08-05T20:59:01Z] phase=simulate status=running progress=43.30% step=139680/322560 simulated_day=48.50/112 elapsed=03:56:14 eta=05:09:18 peak_rss_gib=6.05
[2026-08-05T21:01:43Z] phase=simulate status=running progress=43.75% step=141120/322560 simulated_day=49.00/112 elapsed=03:58:56 eta=05:07:13 peak_rss_gib=6.11
[2026-08-05T21:03:46Z] phase=simulate status=running progress=44.20% step=142560/322560 simulated_day=49.50/112 elapsed=04:01:00 eta=05:04:17 peak_rss_gib=6.18
[2026-08-05T21:06:34Z] phase=simulate status=running progress=44.64% step=144000/322560 simulated_day=50.00/112 elapsed=04:03:47 eta=05:02:18 peak_rss_gib=6.24
[2026-08-05T21:08:49Z] phase=simulate status=running progress=45.09% step=145440/322560 simulated_day=50.50/112 elapsed=04:06:03 eta=04:59:39 peak_rss_gib=6.30
[2026-08-05T21:11:38Z] phase=simulate status=running progress=45.54% step=146880/322560 simulated_day=51.00/112 elapsed=04:08:51 eta=04:57:39 peak_rss_gib=6.36
[2026-08-05T21:13:42Z] phase=simulate status=running progress=45.98% step=148320/322560 simulated_day=51.50/112 elapsed=04:10:56 eta=04:54:47 peak_rss_gib=6.42
[2026-08-05T21:16:30Z] phase=simulate status=running progress=46.43% step=149760/322560 simulated_day=52.00/112 elapsed=04:13:44 eta=04:52:46 peak_rss_gib=6.48
[2026-08-05T21:18:33Z] phase=simulate status=running progress=46.88% step=151200/322560 simulated_day=52.50/112 elapsed=04:15:46 eta=04:49:53 peak_rss_gib=6.54
[2026-08-05T21:21:20Z] phase=simulate status=running progress=47.32% step=152640/322560 simulated_day=53.00/112 elapsed=04:18:34 eta=04:47:50 peak_rss_gib=6.60
[2026-08-05T21:23:23Z] phase=simulate status=running progress=47.77% step=154080/322560 simulated_day=53.50/112 elapsed=04:20:37 eta=04:44:59 peak_rss_gib=6.66
[2026-08-05T21:26:10Z] phase=simulate status=running progress=48.21% step=155520/322560 simulated_day=54.00/112 elapsed=04:23:24 eta=04:42:54 peak_rss_gib=6.72
[2026-08-05T21:28:10Z] phase=simulate status=running progress=48.66% step=156960/322560 simulated_day=54.50/112 elapsed=04:25:24 eta=04:40:00 peak_rss_gib=6.78
[2026-08-05T21:30:56Z] phase=simulate status=running progress=49.11% step=158400/322560 simulated_day=55.00/112 elapsed=04:28:10 eta=04:37:55 peak_rss_gib=6.84
[2026-08-05T21:33:10Z] phase=simulate status=running progress=49.55% step=159840/322560 simulated_day=55.50/112 elapsed=04:30:24 eta=04:35:16 peak_rss_gib=6.90
[2026-08-05T21:36:05Z] phase=simulate status=running progress=50.00% step=161280/322560 simulated_day=56.00/112 elapsed=04:33:18 eta=04:33:18 peak_rss_gib=6.96
[2026-08-05T21:38:16Z] phase=simulate status=running progress=50.45% step=162720/322560 simulated_day=56.50/112 elapsed=04:35:30 eta=04:30:37 peak_rss_gib=7.02
[2026-08-05T21:41:05Z] phase=simulate status=running progress=50.89% step=164160/322560 simulated_day=57.00/112 elapsed=04:38:19 eta=04:28:33 peak_rss_gib=7.08
[2026-08-05T21:43:10Z] phase=simulate status=running progress=51.34% step=165600/322560 simulated_day=57.50/112 elapsed=04:40:24 eta=04:25:46 peak_rss_gib=7.14
[2026-08-05T21:45:57Z] phase=simulate status=running progress=51.79% step=167040/322560 simulated_day=58.00/112 elapsed=04:43:11 eta=04:23:39 peak_rss_gib=7.20
[2026-08-05T21:48:03Z] phase=simulate status=running progress=52.23% step=168480/322560 simulated_day=58.50/112 elapsed=04:45:17 eta=04:20:54 peak_rss_gib=7.26
[2026-08-05T21:50:52Z] phase=simulate status=running progress=52.68% step=169920/322560 simulated_day=59.00/112 elapsed=04:48:06 eta=04:18:48 peak_rss_gib=7.32
[2026-08-05T21:53:00Z] phase=simulate status=running progress=53.12% step=171360/322560 simulated_day=59.50/112 elapsed=04:50:14 eta=04:16:05 peak_rss_gib=7.39
[2026-08-05T21:55:46Z] phase=simulate status=running progress=53.57% step=172800/322560 simulated_day=60.00/112 elapsed=04:53:00 eta=04:13:56 peak_rss_gib=7.45
[2026-08-05T21:57:53Z] phase=simulate status=running progress=54.02% step=174240/322560 simulated_day=60.50/112 elapsed=04:55:07 eta=04:11:13 peak_rss_gib=7.51
[2026-08-05T22:00:40Z] phase=simulate status=running progress=54.46% step=175680/322560 simulated_day=61.00/112 elapsed=04:57:54 eta=04:09:04 peak_rss_gib=7.57
[2026-08-05T22:02:39Z] phase=simulate status=running progress=54.91% step=177120/322560 simulated_day=61.50/112 elapsed=04:59:52 eta=04:06:14 peak_rss_gib=7.62
[2026-08-05T22:05:34Z] phase=simulate status=running progress=55.36% step=178560/322560 simulated_day=62.00/112 elapsed=05:02:48 eta=04:04:12 peak_rss_gib=7.69
[2026-08-05T22:07:39Z] phase=simulate status=running progress=55.80% step=180000/322560 simulated_day=62.50/112 elapsed=05:04:53 eta=04:01:28 peak_rss_gib=7.74
[2026-08-05T22:10:32Z] phase=simulate status=running progress=56.25% step=181440/322560 simulated_day=63.00/112 elapsed=05:07:46 eta=03:59:23 peak_rss_gib=7.81
[2026-08-05T22:12:46Z] phase=simulate status=running progress=56.70% step=182880/322560 simulated_day=63.50/112 elapsed=05:09:59 eta=03:56:46 peak_rss_gib=7.87
[2026-08-05T22:15:34Z] phase=simulate status=running progress=57.14% step=184320/322560 simulated_day=64.00/112 elapsed=05:12:48 eta=03:54:36 peak_rss_gib=7.93
[2026-08-05T22:17:41Z] phase=simulate status=running progress=57.59% step=185760/322560 simulated_day=64.50/112 elapsed=05:14:54 eta=03:51:55 peak_rss_gib=7.99
[2026-08-05T22:20:30Z] phase=simulate status=running progress=58.04% step=187200/322560 simulated_day=65.00/112 elapsed=05:17:43 eta=03:49:44 peak_rss_gib=8.05
[2026-08-05T22:22:39Z] phase=simulate status=running progress=58.48% step=188640/322560 simulated_day=65.50/112 elapsed=05:19:53 eta=03:47:05 peak_rss_gib=8.11
[2026-08-05T22:25:28Z] phase=simulate status=running progress=58.93% step=190080/322560 simulated_day=66.00/112 elapsed=05:22:41 eta=03:44:54 peak_rss_gib=8.17
[2026-08-05T22:27:42Z] phase=simulate status=running progress=59.38% step=191520/322560 simulated_day=66.50/112 elapsed=05:24:55 eta=03:42:19 peak_rss_gib=8.23
[2026-08-05T22:30:37Z] phase=simulate status=running progress=59.82% step=192960/322560 simulated_day=67.00/112 elapsed=05:27:51 eta=03:40:12 peak_rss_gib=8.29
[2026-08-05T22:32:43Z] phase=simulate status=running progress=60.27% step=194400/322560 simulated_day=67.50/112 elapsed=05:29:57 eta=03:37:31 peak_rss_gib=8.35
[2026-08-05T22:35:32Z] phase=simulate status=running progress=60.71% step=195840/322560 simulated_day=68.00/112 elapsed=05:32:46 eta=03:35:19 peak_rss_gib=8.41
[2026-08-05T22:37:39Z] phase=simulate status=running progress=61.16% step=197280/322560 simulated_day=68.50/112 elapsed=05:34:53 eta=03:32:40 peak_rss_gib=8.47
[2026-08-05T22:40:42Z] phase=simulate status=running progress=61.61% step=198720/322560 simulated_day=69.00/112 elapsed=05:37:56 eta=03:30:36 peak_rss_gib=8.53
[2026-08-05T22:42:50Z] phase=simulate status=running progress=62.05% step=200160/322560 simulated_day=69.50/112 elapsed=05:40:04 eta=03:27:57 peak_rss_gib=8.59
[2026-08-05T22:45:36Z] phase=simulate status=running progress=62.50% step=201600/322560 simulated_day=70.00/112 elapsed=05:42:50 eta=03:25:42 peak_rss_gib=8.65
[2026-08-05T22:47:46Z] phase=simulate status=running progress=62.95% step=203040/322560 simulated_day=70.50/112 elapsed=05:45:00 eta=03:23:05 peak_rss_gib=8.72
[2026-08-05T22:50:33Z] phase=simulate status=running progress=63.39% step=204480/322560 simulated_day=71.00/112 elapsed=05:47:47 eta=03:20:50 peak_rss_gib=8.77
[2026-08-05T22:52:38Z] phase=simulate status=running progress=63.84% step=205920/322560 simulated_day=71.50/112 elapsed=05:49:52 eta=03:18:11 peak_rss_gib=8.83
[2026-08-05T22:55:24Z] phase=simulate status=running progress=64.29% step=207360/322560 simulated_day=72.00/112 elapsed=05:52:38 eta=03:15:54 peak_rss_gib=8.89
[2026-08-05T22:57:32Z] phase=simulate status=running progress=64.73% step=208800/322560 simulated_day=72.50/112 elapsed=05:54:45 eta=03:13:17 peak_rss_gib=8.96
[2026-08-05T23:00:19Z] phase=simulate status=running progress=65.18% step=210240/322560 simulated_day=73.00/112 elapsed=05:57:33 eta=03:11:01 peak_rss_gib=9.01
[2026-08-05T23:02:25Z] phase=simulate status=running progress=65.62% step=211680/322560 simulated_day=73.50/112 elapsed=05:59:38 eta=03:08:23 peak_rss_gib=9.08
[2026-08-05T23:05:13Z] phase=simulate status=running progress=66.07% step=213120/322560 simulated_day=74.00/112 elapsed=06:02:27 eta=03:06:07 peak_rss_gib=9.14
[2026-08-05T23:07:26Z] phase=simulate status=running progress=66.52% step=214560/322560 simulated_day=74.50/112 elapsed=06:04:39 eta=03:03:33 peak_rss_gib=9.20
[2026-08-05T23:10:18Z] phase=simulate status=running progress=66.96% step=216000/322560 simulated_day=75.00/112 elapsed=06:07:31 eta=03:01:19 peak_rss_gib=9.26
[2026-08-05T23:12:18Z] phase=simulate status=running progress=67.41% step=217440/322560 simulated_day=75.50/112 elapsed=06:09:32 eta=02:58:39 peak_rss_gib=9.32
[2026-08-05T23:15:00Z] phase=simulate status=running progress=67.86% step=218880/322560 simulated_day=76.00/112 elapsed=06:12:14 eta=02:56:19 peak_rss_gib=9.38
[2026-08-05T23:17:03Z] phase=simulate status=running progress=68.30% step=220320/322560 simulated_day=76.50/112 elapsed=06:14:17 eta=02:53:41 peak_rss_gib=9.44
[2026-08-05T23:19:52Z] phase=simulate status=running progress=68.75% step=221760/322560 simulated_day=77.00/112 elapsed=06:17:06 eta=02:51:24 peak_rss_gib=9.50
[2026-08-05T23:21:58Z] phase=simulate status=running progress=69.20% step=223200/322560 simulated_day=77.50/112 elapsed=06:19:12 eta=02:48:48 peak_rss_gib=9.56
[2026-08-05T23:24:48Z] phase=simulate status=running progress=69.64% step=224640/322560 simulated_day=78.00/112 elapsed=06:22:02 eta=02:46:31 peak_rss_gib=9.62
[2026-08-05T23:26:55Z] phase=simulate status=running progress=70.09% step=226080/322560 simulated_day=78.50/112 elapsed=06:24:09 eta=02:43:56 peak_rss_gib=9.68
[2026-08-05T23:29:48Z] phase=simulate status=running progress=70.54% step=227520/322560 simulated_day=79.00/112 elapsed=06:27:02 eta=02:41:40 peak_rss_gib=9.74
[2026-08-05T23:31:51Z] phase=simulate status=running progress=70.98% step=228960/322560 simulated_day=79.50/112 elapsed=06:29:05 eta=02:39:03 peak_rss_gib=9.80
[2026-08-05T23:34:36Z] phase=simulate status=running progress=71.43% step=230400/322560 simulated_day=80.00/112 elapsed=06:31:49 eta=02:36:44 peak_rss_gib=9.86
[2026-08-05T23:36:41Z] phase=simulate status=running progress=71.88% step=231840/322560 simulated_day=80.50/112 elapsed=06:33:55 eta=02:34:09 peak_rss_gib=9.92
[2026-08-05T23:39:28Z] phase=simulate status=running progress=72.32% step=233280/322560 simulated_day=81.00/112 elapsed=06:36:42 eta=02:31:49 peak_rss_gib=9.98
[2026-08-05T23:41:32Z] phase=simulate status=running progress=72.77% step=234720/322560 simulated_day=81.50/112 elapsed=06:38:46 eta=02:29:14 peak_rss_gib=10.04
[2026-08-05T23:44:16Z] phase=simulate status=running progress=73.21% step=236160/322560 simulated_day=82.00/112 elapsed=06:41:29 eta=02:26:53 peak_rss_gib=10.10
[2026-08-05T23:46:14Z] phase=simulate status=running progress=73.66% step=237600/322560 simulated_day=82.50/112 elapsed=06:43:27 eta=02:24:16 peak_rss_gib=10.16
[2026-08-05T23:49:02Z] phase=simulate status=running progress=74.11% step=239040/322560 simulated_day=83.00/112 elapsed=06:46:15 eta=02:21:57 peak_rss_gib=10.22
[2026-08-05T23:51:08Z] phase=simulate status=running progress=74.55% step=240480/322560 simulated_day=83.50/112 elapsed=06:48:22 eta=02:19:23 peak_rss_gib=10.28
[2026-08-05T23:53:49Z] phase=simulate status=running progress=75.00% step=241920/322560 simulated_day=84.00/112 elapsed=06:51:02 eta=02:17:01 peak_rss_gib=10.34
[2026-08-05T23:55:52Z] phase=simulate status=running progress=75.45% step=243360/322560 simulated_day=84.50/112 elapsed=06:53:06 eta=02:14:26 peak_rss_gib=10.40
[2026-08-05T23:58:36Z] phase=simulate status=running progress=75.89% step=244800/322560 simulated_day=85.00/112 elapsed=06:55:50 eta=02:12:05 peak_rss_gib=10.46
[2026-08-06T00:00:38Z] phase=simulate status=running progress=76.34% step=246240/322560 simulated_day=85.50/112 elapsed=06:57:52 eta=02:09:31 peak_rss_gib=10.52
[2026-08-06T00:03:40Z] phase=simulate status=running progress=76.79% step=247680/322560 simulated_day=86.00/112 elapsed=07:00:54 eta=02:07:15 peak_rss_gib=10.58
[2026-08-06T00:05:48Z] phase=simulate status=running progress=77.23% step=249120/322560 simulated_day=86.50/112 elapsed=07:03:02 eta=02:04:43 peak_rss_gib=10.64
[2026-08-06T00:08:33Z] phase=simulate status=running progress=77.68% step=250560/322560 simulated_day=87.00/112 elapsed=07:05:47 eta=02:02:21 peak_rss_gib=10.70
[2026-08-06T00:10:43Z] phase=simulate status=running progress=78.12% step=252000/322560 simulated_day=87.50/112 elapsed=07:07:57 eta=01:59:50 peak_rss_gib=10.77
[2026-08-06T00:13:33Z] phase=simulate status=running progress=78.57% step=253440/322560 simulated_day=88.00/112 elapsed=07:10:46 eta=01:57:29 peak_rss_gib=10.82
[2026-08-06T00:15:38Z] phase=simulate status=running progress=79.02% step=254880/322560 simulated_day=88.50/112 elapsed=07:12:52 eta=01:54:56 peak_rss_gib=10.89
[2026-08-06T00:18:29Z] phase=simulate status=running progress=79.46% step=256320/322560 simulated_day=89.00/112 elapsed=07:15:43 eta=01:52:36 peak_rss_gib=10.94
[2026-08-06T00:20:27Z] phase=simulate status=running progress=79.91% step=257760/322560 simulated_day=89.50/112 elapsed=07:17:41 eta=01:50:02 peak_rss_gib=11.00
[2026-08-06T00:23:07Z] phase=simulate status=running progress=80.36% step=259200/322560 simulated_day=90.00/112 elapsed=07:20:20 eta=01:47:38 peak_rss_gib=11.06
[2026-08-06T00:25:03Z] phase=simulate status=running progress=80.80% step=260640/322560 simulated_day=90.50/112 elapsed=07:22:16 eta=01:45:04 peak_rss_gib=11.12
[2026-08-06T00:27:41Z] phase=simulate status=running progress=81.25% step=262080/322560 simulated_day=91.00/112 elapsed=07:24:55 eta=01:42:40 peak_rss_gib=11.18
[2026-08-06T00:29:43Z] phase=simulate status=running progress=81.70% step=263520/322560 simulated_day=91.50/112 elapsed=07:26:57 eta=01:40:08 peak_rss_gib=11.25
[2026-08-06T00:32:27Z] phase=simulate status=running progress=82.14% step=264960/322560 simulated_day=92.00/112 elapsed=07:29:40 eta=01:37:45 peak_rss_gib=11.30
[2026-08-06T00:34:33Z] phase=simulate status=running progress=82.59% step=266400/322560 simulated_day=92.50/112 elapsed=07:31:47 eta=01:35:14 peak_rss_gib=11.37
[2026-08-06T00:37:31Z] phase=simulate status=running progress=83.04% step=267840/322560 simulated_day=93.00/112 elapsed=07:34:45 eta=01:32:54 peak_rss_gib=11.43
[2026-08-06T00:39:32Z] phase=simulate status=running progress=83.48% step=269280/322560 simulated_day=93.50/112 elapsed=07:36:46 eta=01:30:23 peak_rss_gib=11.49
[2026-08-06T00:42:15Z] phase=simulate status=running progress=83.93% step=270720/322560 simulated_day=94.00/112 elapsed=07:39:29 eta=01:27:59 peak_rss_gib=11.55
[2026-08-06T00:44:17Z] phase=simulate status=running progress=84.38% step=272160/322560 simulated_day=94.50/112 elapsed=07:41:31 eta=01:25:28 peak_rss_gib=11.61
[2026-08-06T00:47:00Z] phase=simulate status=running progress=84.82% step=273600/322560 simulated_day=95.00/112 elapsed=07:44:14 eta=01:23:04 peak_rss_gib=11.67
[2026-08-06T00:49:07Z] phase=simulate status=running progress=85.27% step=275040/322560 simulated_day=95.50/112 elapsed=07:46:21 eta=01:20:34 peak_rss_gib=11.73
[2026-08-06T00:51:53Z] phase=simulate status=running progress=85.71% step=276480/322560 simulated_day=96.00/112 elapsed=07:49:06 eta=01:18:11 peak_rss_gib=11.79
[2026-08-06T00:53:49Z] phase=simulate status=running progress=86.16% step=277920/322560 simulated_day=96.50/112 elapsed=07:51:02 eta=01:15:40 peak_rss_gib=11.85
[2026-08-06T00:56:29Z] phase=simulate status=running progress=86.61% step=279360/322560 simulated_day=97.00/112 elapsed=07:53:43 eta=01:13:15 peak_rss_gib=11.91
[2026-08-06T00:58:26Z] phase=simulate status=running progress=87.05% step=280800/322560 simulated_day=97.50/112 elapsed=07:55:39 eta=01:10:44 peak_rss_gib=11.97
[2026-08-06T01:01:12Z] phase=simulate status=running progress=87.50% step=282240/322560 simulated_day=98.00/112 elapsed=07:58:26 eta=01:08:21 peak_rss_gib=12.03
[2026-08-06T01:03:16Z] phase=simulate status=running progress=87.95% step=283680/322560 simulated_day=98.50/112 elapsed=08:00:30 eta=01:05:51 peak_rss_gib=12.09
[2026-08-06T01:06:03Z] phase=simulate status=running progress=88.39% step=285120/322560 simulated_day=99.00/112 elapsed=08:03:17 eta=01:03:28 peak_rss_gib=12.15
[2026-08-06T01:08:11Z] phase=simulate status=running progress=88.84% step=286560/322560 simulated_day=99.50/112 elapsed=08:05:25 eta=01:00:59 peak_rss_gib=12.21
[2026-08-06T01:11:03Z] phase=simulate status=running progress=89.29% step=288000/322560 simulated_day=100.00/112 elapsed=08:08:16 eta=00:58:36 peak_rss_gib=12.27
[2026-08-06T01:13:10Z] phase=simulate status=running progress=89.73% step=289440/322560 simulated_day=100.50/112 elapsed=08:10:23 eta=00:56:07 peak_rss_gib=12.33
[2026-08-06T01:15:56Z] phase=simulate status=running progress=90.18% step=290880/322560 simulated_day=101.00/112 elapsed=08:13:10 eta=00:53:43 peak_rss_gib=12.39
[2026-08-06T01:18:00Z] phase=simulate status=running progress=90.62% step=292320/322560 simulated_day=101.50/112 elapsed=08:15:14 eta=00:51:14 peak_rss_gib=12.45
[2026-08-06T01:20:46Z] phase=simulate status=running progress=91.07% step=293760/322560 simulated_day=102.00/112 elapsed=08:18:00 eta=00:48:49 peak_rss_gib=12.51
[2026-08-06T01:22:50Z] phase=simulate status=running progress=91.52% step=295200/322560 simulated_day=102.50/112 elapsed=08:20:03 eta=00:46:21 peak_rss_gib=12.57
[2026-08-06T01:25:35Z] phase=simulate status=running progress=91.96% step=296640/322560 simulated_day=103.00/112 elapsed=08:22:48 eta=00:43:56 peak_rss_gib=12.63
[2026-08-06T01:27:34Z] phase=simulate status=running progress=92.41% step=298080/322560 simulated_day=103.50/112 elapsed=08:24:47 eta=00:41:27 peak_rss_gib=12.69
[2026-08-06T01:30:22Z] phase=simulate status=running progress=92.86% step=299520/322560 simulated_day=104.00/112 elapsed=08:27:36 eta=00:39:03 peak_rss_gib=12.75
[2026-08-06T01:32:20Z] phase=simulate status=running progress=93.30% step=300960/322560 simulated_day=104.50/112 elapsed=08:29:34 eta=00:36:34 peak_rss_gib=12.81
[2026-08-06T01:35:17Z] phase=simulate status=running progress=93.75% step=302400/322560 simulated_day=105.00/112 elapsed=08:32:31 eta=00:34:10 peak_rss_gib=12.87
[2026-08-06T01:37:27Z] phase=simulate status=running progress=94.20% step=303840/322560 simulated_day=105.50/112 elapsed=08:34:40 eta=00:31:43 peak_rss_gib=12.93
[2026-08-06T01:40:19Z] phase=simulate status=running progress=94.64% step=305280/322560 simulated_day=106.00/112 elapsed=08:37:32 eta=00:29:18 peak_rss_gib=13.00
[2026-08-06T01:42:33Z] phase=simulate status=running progress=95.09% step=306720/322560 simulated_day=106.50/112 elapsed=08:39:47 eta=00:26:51 peak_rss_gib=13.06
[2026-08-06T01:45:33Z] phase=simulate status=running progress=95.54% step=308160/322560 simulated_day=107.00/112 elapsed=08:42:47 eta=00:24:26 peak_rss_gib=13.12
[2026-08-06T01:47:40Z] phase=simulate status=running progress=95.98% step=309600/322560 simulated_day=107.50/112 elapsed=08:44:53 eta=00:21:58 peak_rss_gib=13.18
[2026-08-06T01:50:32Z] phase=simulate status=running progress=96.43% step=311040/322560 simulated_day=108.00/112 elapsed=08:47:46 eta=00:19:33 peak_rss_gib=13.24
[2026-08-06T01:52:42Z] phase=simulate status=running progress=96.88% step=312480/322560 simulated_day=108.50/112 elapsed=08:49:56 eta=00:17:06 peak_rss_gib=13.30
[2026-08-06T01:55:25Z] phase=simulate status=running progress=97.32% step=313920/322560 simulated_day=109.00/112 elapsed=08:52:38 eta=00:14:40 peak_rss_gib=13.36
[2026-08-06T01:57:28Z] phase=simulate status=running progress=97.77% step=315360/322560 simulated_day=109.50/112 elapsed=08:54:41 eta=00:12:12 peak_rss_gib=13.42
[2026-08-06T02:00:17Z] phase=simulate status=running progress=98.21% step=316800/322560 simulated_day=110.00/112 elapsed=08:57:31 eta=00:09:46 peak_rss_gib=13.48
[2026-08-06T02:02:18Z] phase=simulate status=running progress=98.66% step=318240/322560 simulated_day=110.50/112 elapsed=08:59:31 eta=00:07:19 peak_rss_gib=13.54
[2026-08-06T02:04:58Z] phase=simulate status=running progress=99.11% step=319680/322560 simulated_day=111.00/112 elapsed=09:02:12 eta=00:04:53 peak_rss_gib=13.59
[2026-08-06T02:06:56Z] phase=simulate status=running progress=99.55% step=321120/322560 simulated_day=111.50/112 elapsed=09:04:10 eta=00:02:26 peak_rss_gib=13.66
[2026-08-06T02:09:38Z] phase=simulate status=running progress=100.00% step=322560/322560 simulated_day=112.00/112 elapsed=09:06:52 eta=00:00:00 peak_rss_gib=13.72
[2026-08-06T02:09:38Z] phase=simulate status=complete elapsed=09:06:52
[2026-08-06T02:09:38Z] phase=write_jsonl status=started
[2026-08-06T02:13:45Z] phase=write_jsonl status=complete bytes=9549642032
[2026-08-06T02:13:45Z] phase=write_parquet status=started
[2026-08-06T02:17:22Z] phase=write_parquet status=complete bytes=646214967
[2026-08-06T02:17:22Z] phase=write_selection_audits status=started
[2026-08-06T02:17:25Z] phase=write_selection_audits status=complete bytes=65338871
[2026-08-06T02:17:25Z] phase=metadata status=started action=hash_artifacts
[2026-08-06T02:17:29Z] phase=complete status=published elapsed=09:14:43 metadata=output/macro/schema_major=1/campaign=extreme-training-16w-s20260805/scenario=extreme-national-training-16w-s20260805/controller=static-capacity-v1/seed=20260805/metadata.json
output/macro/schema_major=1/campaign=extreme-training-16w-s20260805/scenario=extreme-national-training-16w-s20260805/controller=static-capacity-v1/seed=20260805
	Command being timed: "env/bin/python -u -m experiments.run_campaign_shard --manifest output/manifests/extreme-training-s20260805.json --output-root output/macro --campaign-id extreme-training-16w-s20260805 --controller static --seed 20260805 --progress-every-simulated-hours 12"
	User time (seconds): 33276.44
	System time (seconds): 11.99
	Percent of CPU this job got: 99%
	Elapsed (wall clock) time (h:mm:ss or m:ss): 9:14:48
	Average shared text size (kbytes): 0
	Average unshared data size (kbytes): 0
	Average stack size (kbytes): 0
	Average total size (kbytes): 0
	Maximum resident set size (kbytes): 14764892
	Average resident set size (kbytes): 0
	Major (requiring I/O) page faults: 0
	Minor (reclaiming a frame) page faults: 7325890
	Voluntary context switches: 113
	Involuntary context switches: 265605
	Swaps: 0
	File system inputs: 0
	File system outputs: 20043480
	Socket messages sent: 0
	Socket messages received: 0
	Signals delivered: 0
	Page size (bytes): 4096
	Exit status: 0
